
> nba@1.0.0 start /Users/jnapitupulu/Projects/Prudential/crm-nba
> node app.js

IN APP.JS - >1572351972312
2019-10-29 12:26:12 [32minfo[39m: 	AKS-NBA express in development {"level":"\u001b[32minfo\u001b[39m"}
AKS-NBA Express server listening on port 3000
2019-10-29 12:26:38 [32minfo[39m: 	Request: /nba/logout Body : [object Object] {"level":"\u001b[32minfo\u001b[39m"}
2019-10-29 12:26:38 [32minfo[39m: 	JwtValidation.validate middleware . Request [object Object] {"level":"\u001b[32minfo\u001b[39m"}
2019-10-29 12:26:38 [32minfo[39m: 	Token is : "[object Object]" {"level":"\u001b[32minfo\u001b[39m"}
2019-10-29 12:26:38 [34mdebug[39m: 	Secret is : undefined {"level":"\u001b[34mdebug\u001b[39m"}
2019-10-29 12:26:38 [31merror[39m: 	Error in JwtValidation middleware : Error: JsonWebTokenError: jwt malformed {"level":"\u001b[31merror\u001b[39m"}
2019-10-29 12:26:38 [32minfo[39m: 	Response: Status: 401 Body : undefined {"level":"\u001b[32minfo\u001b[39m"}
